# 自动化任务执行日志（2026-09-11）

## 基本信息
- 日期：2026-09-11（周五，W37 第 5 天，第 14 期）
- 模式：工作日（周五，W37 第 5 天，第 14 期）
- 主线：AI 工作流编排双栈（可视化 + 低代码）+ AI 应用运维（AIOps）
- 岗位：AI 工作流设计师（5/5）+ AI 应用运维 AIOps（5/5）+ AI PM 工作流深化（4/5）

## 产出
- `daily-digest/2026-09-11.md`（第 14 期 3 岗位 / 2 仓库）
- `docs/30-岗位全景与学习路径索引.md`（追加第 14 期 3 岗位 + 累计统计 66→70 岗位 / 53→55 仓库 / 12→14 期 / 新增「十三层视角 + 十四层视角」+ 第 13/14 期主线行 + 关键新增信号）
- `README.md`（第 7 节 53→55 + 第 14 期 2 仓库表 + 导航 53→55 + 第 13 期测试结论回填）
- `scripts/test_cloned_projects.py`（追加 2 条 REPOS：langflow + coze-studio）
- `docs/20-克隆企业级项目测试报告.md`（测试脚本自动回写 55 仓库，待完成）
- `logs/automation-2026-09-11.log`

## 对标仓库
| 仓库 | 对齐岗位 | Stars | 主语言 | 文件数 | .py 数 | .ts 数 | 克隆方式 |
|---|---|---|---|---|---|---|---|
| `langflow-ai/langflow` | AI 工作流设计师（可视化编排）/ AI 应用运维 / AI PM 工作流深化 | 154,553 | Python | 352M | 4,042 | 0 | git 直连 |
| `coze-dev/coze-studio` | AI 工作流设计师（低代码编排）/ AI 应用运维 | 21,574 | TypeScript | 133M | 3 | 5,941 | git 直连 |

> 本期 2 仓库全部通过 git 直连克隆成功（无网络抖动，优于第 6/8/9/10/12/13 期 codeload tarball fallback）。

## 测试
- 测试脚本 `scripts/test_cloned_projects.py` 全量重跑 55 仓库（后台任务 task_id=CmtU0d）
- 预计耗时 60-90 分钟（langflow 4,042 .py + coze-studio 5,941 .ts 拉长）
- 测试结论待脚本完成后自动回写 docs/20 与 daily-digest 三·补

## 双通道同步
### A. GitHub
- commit 待执行（含 daily-digest/2026-09-11.md + docs/30 + README + scripts/test_cloned_projects.py + logs）
- push origin main（待执行）

### B. ima 知识库
- 库 id = 7498617266899781（名称「ai study road」）
- 待推送文件（W37- 前缀）：
  - W37-daily-digest-2026-09-11.md（新）
  - W37-岗位全景与学习路径索引.md（重推，累积型文档）
  - W37-克隆企业级项目测试报告.md（重推，累积型文档）

## 关键数据
- AI 工作流设计师：2026 新增热门岗位（2025 年不存在，2026 招聘量 +82%）+ US Entry $90K–$130K / Principal $260K–$350K+ + 国内一线 15–30K
- AI 应用运维（AIOps）：US 中位 $156,000 / 93 新帖每周 + 国内一线 30–50K / 超算运维 70K+ + 比传统运维高 20%–45% + 转型成本最低岗位
- AI PM 工作流深化：50 个 AI 产品岗位 JD 直接要求 Dify / Coze 搭建流程 + 71% 岗位不需要真正懂 AI 底层 + 评估与迭代能力成标配
- n8n 已突破 10 万自托管实例 + 智能自动化市场预计 2030 年 $30B
- langflow-ai/langflow 154,553★（「AI 工作流编排（可视化）」品类 star 数第一）
- coze-dev/coze-studio 21,574★（「AI 工作流编排（低代码）」品类字节官方标杆）

## 累计
- 70 岗位 / 55 仓库 / 14 期 / 十四层视角

## 经验教训
- 仓库路径校验（GitHub API）避免「凭印象猜路径」：langgenius/langflow 404，改用 search API 定位正确路径 langflow-ai/langflow（历史踩坑再次验证）
- 本期 2 仓库 git 直连克隆成功（无网络抖动），优于第 6/8/9/10/12/13 期 codeload tarball fallback
- 测试脚本全量重跑 55 仓库预计 60-90 分钟（langflow 4,042 .py + coze-studio 5,941 .ts 拉长）
