[2026-08-29 08:04] 自动化任务启动（automation-1787809410721，每日任务，工作日模式）
[2026-08-29 08:04] 读取 automation memory（首次运行，memory.md 不存在，跳过历史回顾）
[2026-08-29 08:05] 重新读取仓库既有文件确认风格：README.md、docs/30 索引（20 岗位/2 期）、daily-digest/2026-08-27.md（第 1 期）、daily-digest/2026-08-28.md（第 2 期）、docs/05（Harness）
[2026-08-29 08:05] 确认 docs 文件清单（00-11 + 20 + 30）、projects 目录（p1-p4 + e1-e3）、git remote（main 分支，token 已配置）、scripts/test_cloned_projects.py
[2026-08-29 08:06] 数据采集（WebSearch 6 次，前序会话已完成）：具身智能/多模态算法、AI 测试/质量工程师、AgentOps/Agent Orchestrator、AI 治理/合规（EU AI Act 延迟动态）、Agent/RAG 基础设施、市场总盘六大方向
[2026-08-29 08:10] 撰写 daily-digest/2026-08-29.md（第 3 期），8 个岗位与第 1/2 期 20 个岗位不重叠：
  - 具身智能/多模态算法工程师（docs/08 衔接，3/5）
  - AI 测试/质量工程师（docs/09 第 5 节，5/5）
  - AgentOps Engineer / Agent Orchestrator（docs/05 第 4 节，5/5）
  - AI Governance Engineer 深化（docs/09 第 4 节，4/5）
  - Agent/RAG 基础设施工程师（docs/04+07+06，5/5）
  - AI 数据工程师（docs/06+09 第 5 节，4/5）
  - AI 平台工程师（docs/09+07+05，5/5）
  - AI 安全红队/对抗工程师（docs/05 安全层，4/5）
[2026-08-29 08:12] 追加 docs/30-岗位全景与学习路径索引.md 第 3 期条目（8 岗位），更新累计统计（28 岗位/3 期，适配度分布 + 生产链路落地主线 + 具身智能爆发 + 合规侧时间窗）
[2026-08-29 08:13] 撰写 logs/automation-2026-08-29.log（本文件）
[2026-08-29 08:14] GitHub 提交推送：git add -A && git commit -m "[2026-08-29] 每日AI岗位学习内容获取" && git push origin main（退出码 0 判定成功）
[2026-08-29 08:15] ima 知识库推送（W35 前缀）：create_media → COS 上传 → add_knowledge → get_knowledge_list 校验
[2026-08-29 08:16] 写 automation memory 高层摘要，present_files 交付
[2026-08-29 08:16] 自动化任务完成
